../Core/Src/main.c:90:5:main	24	static
../Core/Src/main.c:185:6:SystemClock_Config	96	static
../Core/Src/main.c:236:13:MX_DAC1_Init	48	static
../Core/Src/main.c:280:13:MX_DFSDM1_Init	8	static
../Core/Src/main.c:333:13:MX_OCTOSPI1_Init	32	static
../Core/Src/main.c:381:13:MX_TIM2_Init	40	static
../Core/Src/main.c:424:13:MX_DMA_Init	16	static
../Core/Src/main.c:446:13:MX_GPIO_Init	48	static
../Core/Src/main.c:469:6:HAL_GPIO_EXTI_Callback	16	static
../Core/Src/main.c:474:6:HAL_DFSDM_FilterRegConvHalfCpltCallback	16	static
../Core/Src/main.c:477:6:HAL_DFSDM_FilterRegConvCpltCallback	16	static
../Core/Src/main.c:481:6:HAL_DAC_ConvCpltCallbackCh1	24	static
../Core/Src/main.c:504:6:startDac	16	static
../Core/Src/main.c:519:6:Error_Handler	4	static,ignoring_inline_asm
